
> actify_project@0.1.0 build
> next build

Ôû▓ Next.js 16.1.4 (Turbopack)
- Environments: .env

node.exe : ÔÜá The "middleware" file convention is 
deprecated. Please use "proxy" instead. Learn 
more: https://nextjs.org/docs/messages/middleware-t
o-proxy
At line:1 char:1
+ & "C:\Program Files\nodejs/node.exe" "C:\Program 
Files\nodejs/node_mo ...
+ ~~~~~~~~~~~~~~~~~~~~~~~~~~~~~~~~~~~~~~~~~~~~~~~~~
~~~~~~~~~~~~~~~~~~~~
    + CategoryInfo          : NotSpecified: (ÔÜá T 
   he "middle...leware-to-proxy:String) [], Remot  
  eException
    + FullyQualifiedErrorId : NativeCommandError
 
  Creating an optimized production build ...
Ô£ô Compiled successfully in 8.6s
  Running TypeScript ...
Failed to compile.

./prisma.config.ts:8:5
Type error: Object literal may only specify known 
properties, and 'provider' does not exist in type 
'{ url?: string | undefined; shadowDatabaseUrl?: 
string | undefined; }'.

[0m [90m  6 |[39m
 [90m  7 |[39m   datasource[33m:[39m {
[31m[1m>[22m[39m[90m  8 |[39m     
provider[33m:[39m 
[32m"postgresql"[39m[33m,[39m
 [90m    |[39m     [31m[1m^[22m[39m
 [90m  9 |[39m     url[33m:[39m process[33m.[
39menv[33m.[39m[33mDATABASE_URL[39m[33m![39m
[33m,[39m
 [90m 10 |[39m   }[33m,[39m
 [90m 11 |[39m })[33m;[39m[0m
Next.js build worker exited with code: 1 and 
signal: null
